[     122ms] [LOG] [Fast Refresh] rebuilding @ http://localhost:3000/_next/static/chunks/07vw_next_dist_13_qw0k._.js:2477
[     554ms] [LOG] [Fast Refresh] done in 540ms @ http://localhost:3000/_next/static/chunks/07vw_next_dist_13_qw0k._.js:2477
[    1578ms] [INFO] %cDownload the React DevTools for a better development experience: https://react.dev/link/react-devtools font-weight:bold @ http://localhost:3000/_next/static/chunks/07vw_next_dist_13_qw0k._.js:2477
[    1652ms] [LOG] [HMR] connected @ http://localhost:3000/_next/static/chunks/07vw_next_dist_13_qw0k._.js:2477
[    1802ms] [WARNING] Image with src "https://images.unsplash.com/photo-1677442135703-1787eea5ce01?w=800&h=500&fit=crop" has "fill" but is missing "sizes" prop. Please add it to improve page performance. Read more: https://nextjs.org/docs/api-reference/next/image#sizes @ http://localhost:3000/_next/static/chunks/07vw_next_dist_13_qw0k._.js:2477
[  398297ms] [LOG] [Fast Refresh] rebuilding @ http://localhost:3000/_next/static/chunks/07vw_next_dist_13_qw0k._.js:2477
[  399536ms] [LOG] [Fast Refresh] done in 1338ms @ http://localhost:3000/_next/static/chunks/07vw_next_dist_13_qw0k._.js:2477
[  399678ms] [LOG] [Fast Refresh] rebuilding @ http://localhost:3000/_next/static/chunks/07vw_next_dist_13_qw0k._.js:2477
[  400008ms] [LOG] [Fast Refresh] done in 460ms @ http://localhost:3000/_next/static/chunks/07vw_next_dist_13_qw0k._.js:2477
[  400136ms] [LOG] [Fast Refresh] rebuilding @ http://localhost:3000/_next/static/chunks/07vw_next_dist_13_qw0k._.js:2477
[  400306ms] [LOG] [Fast Refresh] done in 274ms @ http://localhost:3000/_next/static/chunks/07vw_next_dist_13_qw0k._.js:2477
[  400966ms] [INFO] %cDownload the React DevTools for a better development experience: https://react.dev/link/react-devtools font-weight:bold @ http://localhost:3000/_next/static/chunks/07vw_next_dist_13_qw0k._.js:2477
[  401017ms] [LOG] [HMR] connected @ http://localhost:3000/_next/static/chunks/07vw_next_dist_13_qw0k._.js:2477
[  401289ms] [LOG] [Fast Refresh] rebuilding @ http://localhost:3000/_next/static/chunks/07vw_next_dist_13_qw0k._.js:2477
[  401296ms] [LOG] [Fast Refresh] done in 117ms @ http://localhost:3000/_next/static/chunks/07vw_next_dist_13_qw0k._.js:2477
[  401381ms] [WARNING] Image with src "https://images.unsplash.com/photo-1677442135703-1787eea5ce01?w=800&h=500&fit=crop" has "fill" but is missing "sizes" prop. Please add it to improve page performance. Read more: https://nextjs.org/docs/api-reference/next/image#sizes @ http://localhost:3000/_next/static/chunks/07vw_next_dist_13_qw0k._.js:2477
[  403877ms] [LOG] [Fast Refresh] rebuilding @ http://localhost:3000/_next/static/chunks/07vw_next_dist_13_qw0k._.js:2477
[  403938ms] [LOG] [Fast Refresh] done in 137ms @ http://localhost:3000/_next/static/chunks/07vw_next_dist_13_qw0k._.js:2477
[  411618ms] [LOG] [Fast Refresh] rebuilding @ http://localhost:3000/_next/static/chunks/07vw_next_dist_13_qw0k._.js:2477
[  411858ms] [LOG] [Fast Refresh] done in 72ms @ http://localhost:3000/_next/static/chunks/07vw_next_dist_13_qw0k._.js:2477
[  411978ms] [LOG] [Fast Refresh] rebuilding @ http://localhost:3000/_next/static/chunks/07vw_next_dist_13_qw0k._.js:2477
[  412026ms] [LOG] [Fast Refresh] done in 154ms @ http://localhost:3000/_next/static/chunks/07vw_next_dist_13_qw0k._.js:2477
[  416956ms] [LOG] [Fast Refresh] rebuilding @ http://localhost:3000/_next/static/chunks/07vw_next_dist_13_qw0k._.js:2477
[  417049ms] [LOG] [Fast Refresh] done in 206ms @ http://localhost:3000/_next/static/chunks/07vw_next_dist_13_qw0k._.js:2477
[  418154ms] [LOG] [Fast Refresh] rebuilding @ http://localhost:3000/_next/static/chunks/07vw_next_dist_13_qw0k._.js:2477
[  418196ms] [LOG] [Fast Refresh] done in 151ms @ http://localhost:3000/_next/static/chunks/07vw_next_dist_13_qw0k._.js:2477
[  418313ms] [LOG] [Fast Refresh] rebuilding @ http://localhost:3000/_next/static/chunks/07vw_next_dist_13_qw0k._.js:2477
[  418398ms] [LOG] [Fast Refresh] done in 199ms @ http://localhost:3000/_next/static/chunks/07vw_next_dist_13_qw0k._.js:2477
[  418520ms] [LOG] [Fast Refresh] rebuilding @ http://localhost:3000/_next/static/chunks/07vw_next_dist_13_qw0k._.js:2477
[  418710ms] [LOG] [Fast Refresh] done in 298ms @ http://localhost:3000/_next/static/chunks/07vw_next_dist_13_qw0k._.js:2477
[  418911ms] [LOG] [Fast Refresh] rebuilding @ http://localhost:3000/_next/static/chunks/07vw_next_dist_13_qw0k._.js:2477
[  419547ms] [LOG] [Fast Refresh] done in 737ms @ http://localhost:3000/_next/static/chunks/07vw_next_dist_13_qw0k._.js:2477
[  419665ms] [LOG] [Fast Refresh] rebuilding @ http://localhost:3000/_next/static/chunks/07vw_next_dist_13_qw0k._.js:2477
[  419693ms] [LOG] [Fast Refresh] done in 134ms @ http://localhost:3000/_next/static/chunks/07vw_next_dist_13_qw0k._.js:2477
[  423966ms] [LOG] [Fast Refresh] rebuilding @ http://localhost:3000/_next/static/chunks/07vw_next_dist_13_qw0k._.js:2477
[  423980ms] [LOG] [Fast Refresh] done in 85ms @ http://localhost:3000/_next/static/chunks/07vw_next_dist_13_qw0k._.js:2477
[  424087ms] [LOG] [Fast Refresh] rebuilding @ http://localhost:3000/_next/static/chunks/07vw_next_dist_13_qw0k._.js:2477
[  424133ms] [LOG] [Fast Refresh] done in 148ms @ http://localhost:3000/_next/static/chunks/07vw_next_dist_13_qw0k._.js:2477
[  424240ms] [LOG] [Fast Refresh] rebuilding @ http://localhost:3000/_next/static/chunks/07vw_next_dist_13_qw0k._.js:2477
[  424339ms] [LOG] [Fast Refresh] done in 201ms @ http://localhost:3000/_next/static/chunks/07vw_next_dist_13_qw0k._.js:2477
[  424464ms] [LOG] [Fast Refresh] rebuilding @ http://localhost:3000/_next/static/chunks/07vw_next_dist_13_qw0k._.js:2477
[  424524ms] [LOG] [Fast Refresh] done in 174ms @ http://localhost:3000/_next/static/chunks/07vw_next_dist_13_qw0k._.js:2477
[  429835ms] [LOG] [Fast Refresh] rebuilding @ http://localhost:3000/_next/static/chunks/07vw_next_dist_13_qw0k._.js:2477
[  429847ms] [LOG] [Fast Refresh] done in 67ms @ http://localhost:3000/_next/static/chunks/07vw_next_dist_13_qw0k._.js:2477
[  429960ms] [LOG] [Fast Refresh] rebuilding @ http://localhost:3000/_next/static/chunks/07vw_next_dist_13_qw0k._.js:2477
[  430047ms] [LOG] [Fast Refresh] done in 195ms @ http://localhost:3000/_next/static/chunks/07vw_next_dist_13_qw0k._.js:2477
[  430314ms] [LOG] [Fast Refresh] rebuilding @ http://localhost:3000/_next/static/chunks/07vw_next_dist_13_qw0k._.js:2477
[  430321ms] [LOG] [Fast Refresh] done in 114ms @ http://localhost:3000/_next/static/chunks/07vw_next_dist_13_qw0k._.js:2477
[  434810ms] [LOG] [Fast Refresh] rebuilding @ http://localhost:3000/_next/static/chunks/07vw_next_dist_13_qw0k._.js:2477
[  434823ms] [LOG] [Fast Refresh] done in 65ms @ http://localhost:3000/_next/static/chunks/07vw_next_dist_13_qw0k._.js:2477
[  434933ms] [LOG] [Fast Refresh] rebuilding @ http://localhost:3000/_next/static/chunks/07vw_next_dist_13_qw0k._.js:2477
[  435036ms] [LOG] [Fast Refresh] done in 209ms @ http://localhost:3000/_next/static/chunks/07vw_next_dist_13_qw0k._.js:2477
[  435327ms] [LOG] [Fast Refresh] rebuilding @ http://localhost:3000/_next/static/chunks/07vw_next_dist_13_qw0k._.js:2477
[  435339ms] [LOG] [Fast Refresh] done in 122ms @ http://localhost:3000/_next/static/chunks/07vw_next_dist_13_qw0k._.js:2477
