[     129ms] [LOG] [Fast Refresh] rebuilding @ http://localhost:3000/_next/static/chunks/07vw_next_dist_13_qw0k._.js:2477
[     187ms] [LOG] [Fast Refresh] done in 163ms @ http://localhost:3000/_next/static/chunks/07vw_next_dist_13_qw0k._.js:2477
[     306ms] [INFO] %cDownload the React DevTools for a better development experience: https://react.dev/link/react-devtools font-weight:bold @ http://localhost:3000/_next/static/chunks/07vw_next_dist_13_qw0k._.js:2477
[     340ms] [LOG] [HMR] connected @ http://localhost:3000/_next/static/chunks/07vw_next_dist_13_qw0k._.js:2477
[     568ms] [WARNING] Image with src "https://images.unsplash.com/photo-1677442135703-1787eea5ce01?w=800&h=500&fit=crop" has "fill" but is missing "sizes" prop. Please add it to improve page performance. Read more: https://nextjs.org/docs/api-reference/next/image#sizes @ http://localhost:3000/_next/static/chunks/07vw_next_dist_13_qw0k._.js:2477
[     568ms] [WARNING] Image with src "https://images.unsplash.com/photo-1460925895917-afdab827c52f?w=600&h=400&fit=crop" has "fill" but is missing "sizes" prop. Please add it to improve page performance. Read more: https://nextjs.org/docs/api-reference/next/image#sizes @ http://localhost:3000/_next/static/chunks/07vw_next_dist_13_qw0k._.js:2477
[     568ms] [WARNING] Image with src "https://images.unsplash.com/photo-1523275335684-37898b6baf30?w=600&h=400&fit=crop" has "fill" but is missing "sizes" prop. Please add it to improve page performance. Read more: https://nextjs.org/docs/api-reference/next/image#sizes @ http://localhost:3000/_next/static/chunks/07vw_next_dist_13_qw0k._.js:2477
[     568ms] [WARNING] Image with src "https://images.unsplash.com/photo-1611162617474-5b21e879e113?w=600&h=400&fit=crop" has "fill" but is missing "sizes" prop. Please add it to improve page performance. Read more: https://nextjs.org/docs/api-reference/next/image#sizes @ http://localhost:3000/_next/static/chunks/07vw_next_dist_13_qw0k._.js:2477
[     568ms] [WARNING] Image with src "https://images.unsplash.com/photo-1486312338219-ce68d2c6f44d?w=600&h=400&fit=crop" has "fill" but is missing "sizes" prop. Please add it to improve page performance. Read more: https://nextjs.org/docs/api-reference/next/image#sizes @ http://localhost:3000/_next/static/chunks/07vw_next_dist_13_qw0k._.js:2477
[     568ms] [WARNING] Image with src "https://images.unsplash.com/photo-1592478411213-6153e4ebc07d?w=600&h=400&fit=crop" has "fill" but is missing "sizes" prop. Please add it to improve page performance. Read more: https://nextjs.org/docs/api-reference/next/image#sizes @ http://localhost:3000/_next/static/chunks/07vw_next_dist_13_qw0k._.js:2477
[     568ms] [WARNING] Image with src "https://images.unsplash.com/photo-1432888498266-38ffec3eaf0a?w=600&h=400&fit=crop" has "fill" but is missing "sizes" prop. Please add it to improve page performance. Read more: https://nextjs.org/docs/api-reference/next/image#sizes @ http://localhost:3000/_next/static/chunks/07vw_next_dist_13_qw0k._.js:2477
[     568ms] [WARNING] Image with src "/logo-text.png" has either width or height modified, but not the other. If you use CSS to change the size of your image, also include the styles 'width: "auto"' or 'height: "auto"' to maintain the aspect ratio. @ http://localhost:3000/_next/static/chunks/07vw_next_dist_13_qw0k._.js:2477
[   67973ms] [LOG] [Fast Refresh] rebuilding @ http://localhost:3000/_next/static/chunks/07vw_next_dist_13_qw0k._.js:2477
[   68914ms] [ERROR] ./app/favicon.ico
Processing image failed
unable to decode image data

Caused by:
- failed to fill whole buffer @ http://localhost:3000/_next/static/chunks/07vw_next_dist_13_qw0k._.js:3318
[   68914ms] [ERROR] ./app/favicon.ico
Processing image failed
unable to decode image data

Caused by:
- failed to fill whole buffer @ http://localhost:3000/_next/static/chunks/07vw_next_dist_13_qw0k._.js:3318
[   68915ms] [ERROR] ./app/favicon.ico
Processing image failed
unable to decode image data

Caused by:
- failed to fill whole buffer @ http://localhost:3000/_next/static/chunks/07vw_next_dist_13_qw0k._.js:3318
[   68971ms] [LOG] [Fast Refresh] rebuilding @ http://localhost:3000/_next/static/chunks/07vw_next_dist_13_qw0k._.js:2477
[   69121ms] [LOG] [Fast Refresh] rebuilding @ http://localhost:3000/_next/static/chunks/07vw_next_dist_13_qw0k._.js:2477
[   69302ms] [LOG] [Fast Refresh] done in 288ms @ http://localhost:3000/_next/static/chunks/07vw_next_dist_13_qw0k._.js:2477
[   69407ms] [LOG] [Fast Refresh] rebuilding @ http://localhost:3000/_next/static/chunks/07vw_next_dist_13_qw0k._.js:2477
[   69718ms] [LOG] [Fast Refresh] done in 415ms @ http://localhost:3000/_next/static/chunks/07vw_next_dist_13_qw0k._.js:2477
[   70091ms] [LOG] [Fast Refresh] rebuilding @ http://localhost:3000/_next/static/chunks/07vw_next_dist_13_qw0k._.js:2477
[   70169ms] [LOG] [Fast Refresh] done in 182ms @ http://localhost:3000/_next/static/chunks/07vw_next_dist_13_qw0k._.js:2477
[   70596ms] [LOG] [Fast Refresh] rebuilding @ http://localhost:3000/_next/static/chunks/07vw_next_dist_13_qw0k._.js:2477
[   70674ms] [LOG] [Fast Refresh] done in 180ms @ http://localhost:3000/_next/static/chunks/07vw_next_dist_13_qw0k._.js:2477
[   71119ms] [LOG] [Fast Refresh] rebuilding @ http://localhost:3000/_next/static/chunks/07vw_next_dist_13_qw0k._.js:2477
[   71150ms] [LOG] [Fast Refresh] done in 146ms @ http://localhost:3000/_next/static/chunks/07vw_next_dist_13_qw0k._.js:2477
[   71258ms] [LOG] [Fast Refresh] rebuilding @ http://localhost:3000/_next/static/chunks/07vw_next_dist_13_qw0k._.js:2477
[   71285ms] [LOG] [Fast Refresh] done in 134ms @ http://localhost:3000/_next/static/chunks/07vw_next_dist_13_qw0k._.js:2477
[   71389ms] [LOG] [Fast Refresh] rebuilding @ http://localhost:3000/_next/static/chunks/07vw_next_dist_13_qw0k._.js:2477
[   71401ms] [LOG] [Fast Refresh] done in 114ms @ http://localhost:3000/_next/static/chunks/07vw_next_dist_13_qw0k._.js:2477
[   71997ms] [LOG] [Fast Refresh] rebuilding @ http://localhost:3000/_next/static/chunks/07vw_next_dist_13_qw0k._.js:2477
[   72004ms] [LOG] [Fast Refresh] done in 118ms @ http://localhost:3000/_next/static/chunks/07vw_next_dist_13_qw0k._.js:2477
[   72149ms] [LOG] [Fast Refresh] rebuilding @ http://localhost:3000/_next/static/chunks/07vw_next_dist_13_qw0k._.js:2477
[   72297ms] [LOG] [Fast Refresh] done in 263ms @ http://localhost:3000/_next/static/chunks/07vw_next_dist_13_qw0k._.js:2477
[   72428ms] [LOG] [Fast Refresh] rebuilding @ http://localhost:3000/_next/static/chunks/07vw_next_dist_13_qw0k._.js:2477
[   72468ms] [LOG] [Fast Refresh] done in 155ms @ http://localhost:3000/_next/static/chunks/07vw_next_dist_13_qw0k._.js:2477
[   72597ms] [LOG] [Fast Refresh] rebuilding @ http://localhost:3000/_next/static/chunks/07vw_next_dist_13_qw0k._.js:2477
[   72723ms] [LOG] [Fast Refresh] done in 238ms @ http://localhost:3000/_next/static/chunks/07vw_next_dist_13_qw0k._.js:2477
[   73021ms] [LOG] [Fast Refresh] rebuilding @ http://localhost:3000/_next/static/chunks/07vw_next_dist_13_qw0k._.js:2477
[   73191ms] [LOG] [Fast Refresh] done in 276ms @ http://localhost:3000/_next/static/chunks/07vw_next_dist_13_qw0k._.js:2477
[   76988ms] [LOG] [Fast Refresh] rebuilding @ http://localhost:3000/_next/static/chunks/07vw_next_dist_13_qw0k._.js:2477
[   77236ms] [LOG] [Fast Refresh] done in 84ms @ http://localhost:3000/_next/static/chunks/07vw_next_dist_13_qw0k._.js:2477
[   77487ms] [LOG] [Fast Refresh] rebuilding @ http://localhost:3000/_next/static/chunks/07vw_next_dist_13_qw0k._.js:2477
[   77630ms] [LOG] [Fast Refresh] done in 246ms @ http://localhost:3000/_next/static/chunks/07vw_next_dist_13_qw0k._.js:2477
[   77996ms] [LOG] [Fast Refresh] rebuilding @ http://localhost:3000/_next/static/chunks/07vw_next_dist_13_qw0k._.js:2477
[   78007ms] [LOG] [Fast Refresh] done in 114ms @ http://localhost:3000/_next/static/chunks/07vw_next_dist_13_qw0k._.js:2477
[   92413ms] [LOG] [Fast Refresh] rebuilding @ http://localhost:3000/_next/static/chunks/07vw_next_dist_13_qw0k._.js:2477
[   92714ms] [LOG] [Fast Refresh] done in 434ms @ http://localhost:3000/_next/static/chunks/07vw_next_dist_13_qw0k._.js:2477
[  117069ms] [LOG] [Fast Refresh] rebuilding @ http://localhost:3000/_next/static/chunks/07vw_next_dist_13_qw0k._.js:2477
[  117149ms] [LOG] [Fast Refresh] done in 195ms @ http://localhost:3000/_next/static/chunks/07vw_next_dist_13_qw0k._.js:2477
