[     111ms] [LOG] [Fast Refresh] rebuilding @ http://localhost:3000/_next/static/chunks/07vw_next_dist_13_qw0k._.js:2477
[     638ms] [LOG] [Fast Refresh] done in 627ms @ http://localhost:3000/_next/static/chunks/07vw_next_dist_13_qw0k._.js:2477
[     712ms] [INFO] %cDownload the React DevTools for a better development experience: https://react.dev/link/react-devtools font-weight:bold @ http://localhost:3000/_next/static/chunks/07vw_next_dist_13_qw0k._.js:2477
[     736ms] [LOG] [HMR] connected @ http://localhost:3000/_next/static/chunks/07vw_next_dist_13_qw0k._.js:2477
[     914ms] [WARNING] Image with src "https://images.unsplash.com/photo-1677442135703-1787eea5ce01?w=800&h=500&fit=crop" has "fill" but is missing "sizes" prop. Please add it to improve page performance. Read more: https://nextjs.org/docs/api-reference/next/image#sizes @ http://localhost:3000/_next/static/chunks/07vw_next_dist_13_qw0k._.js:2477
[     914ms] [WARNING] Image with src "https://images.unsplash.com/photo-1460925895917-afdab827c52f?w=600&h=400&fit=crop" has "fill" but is missing "sizes" prop. Please add it to improve page performance. Read more: https://nextjs.org/docs/api-reference/next/image#sizes @ http://localhost:3000/_next/static/chunks/07vw_next_dist_13_qw0k._.js:2477
[     914ms] [WARNING] Image with src "https://images.unsplash.com/photo-1523275335684-37898b6baf30?w=600&h=400&fit=crop" has "fill" but is missing "sizes" prop. Please add it to improve page performance. Read more: https://nextjs.org/docs/api-reference/next/image#sizes @ http://localhost:3000/_next/static/chunks/07vw_next_dist_13_qw0k._.js:2477
[     914ms] [WARNING] Image with src "https://images.unsplash.com/photo-1611162617474-5b21e879e113?w=600&h=400&fit=crop" has "fill" but is missing "sizes" prop. Please add it to improve page performance. Read more: https://nextjs.org/docs/api-reference/next/image#sizes @ http://localhost:3000/_next/static/chunks/07vw_next_dist_13_qw0k._.js:2477
[     914ms] [WARNING] Image with src "https://images.unsplash.com/photo-1486312338219-ce68d2c6f44d?w=600&h=400&fit=crop" has "fill" but is missing "sizes" prop. Please add it to improve page performance. Read more: https://nextjs.org/docs/api-reference/next/image#sizes @ http://localhost:3000/_next/static/chunks/07vw_next_dist_13_qw0k._.js:2477
[     914ms] [WARNING] Image with src "https://images.unsplash.com/photo-1592478411213-6153e4ebc07d?w=600&h=400&fit=crop" has "fill" but is missing "sizes" prop. Please add it to improve page performance. Read more: https://nextjs.org/docs/api-reference/next/image#sizes @ http://localhost:3000/_next/static/chunks/07vw_next_dist_13_qw0k._.js:2477
[     916ms] [WARNING] Image with src "https://images.unsplash.com/photo-1432888498266-38ffec3eaf0a?w=600&h=400&fit=crop" has "fill" but is missing "sizes" prop. Please add it to improve page performance. Read more: https://nextjs.org/docs/api-reference/next/image#sizes @ http://localhost:3000/_next/static/chunks/07vw_next_dist_13_qw0k._.js:2477
[    1661ms] [WARNING] Image with src "https://images.unsplash.com/photo-1499750310107-5fef28a66643?w=600&h=400&fit=crop" has "fill" but is missing "sizes" prop. Please add it to improve page performance. Read more: https://nextjs.org/docs/api-reference/next/image#sizes @ http://localhost:3000/_next/static/chunks/07vw_next_dist_13_qw0k._.js:2477
[    1679ms] [WARNING] Image with src "https://images.unsplash.com/photo-1559526324-4b87b5e36e44?w=600&h=400&fit=crop" has "fill" but is missing "sizes" prop. Please add it to improve page performance. Read more: https://nextjs.org/docs/api-reference/next/image#sizes @ http://localhost:3000/_next/static/chunks/07vw_next_dist_13_qw0k._.js:2477
[    1681ms] [WARNING] Image with src "https://images.unsplash.com/photo-1556742049-0cfed4f6a45d?w=600&h=400&fit=crop" has "fill" but is missing "sizes" prop. Please add it to improve page performance. Read more: https://nextjs.org/docs/api-reference/next/image#sizes @ http://localhost:3000/_next/static/chunks/07vw_next_dist_13_qw0k._.js:2477
[    2415ms] [ERROR] Failed to load resource: the server responded with a status of 404 (Not Found) @ http://localhost:3000/_next/image?url=https%3A%2F%2Fimages.unsplash.com%2Fphoto-1611605698335-8441f0b9fbe4%3Fw%3D600%26h%3D400%26fit%3Dcrop&w=1920&q=75:0
[    2448ms] [ERROR] Failed to load resource: the server responded with a status of 404 (Not Found) @ http://localhost:3000/_next/image?url=https%3A%2F%2Fimages.unsplash.com%2Fphoto-1676557027519-03e6aa6c5e29%3Fw%3D600%26h%3D400%26fit%3Dcrop&w=1920&q=75:0
[    6501ms] [WARNING] Image with src "https://images.unsplash.com/photo-1523275335684-37898b6baf30?w=600&h=400&fit=crop" was detected as the Largest Contentful Paint (LCP). Please add the `loading="eager"` property if this image is above the fold.
Read more: https://nextjs.org/docs/app/api-reference/components/image#loading @ http://localhost:3000/_next/static/chunks/07vw_next_dist_13_qw0k._.js:2477
[    6501ms] [WARNING] Image with src "https://images.unsplash.com/photo-1499750310107-5fef28a66643?w=600&h=400&fit=crop" was detected as the Largest Contentful Paint (LCP). Please add the `loading="eager"` property if this image is above the fold.
Read more: https://nextjs.org/docs/app/api-reference/components/image#loading @ http://localhost:3000/_next/static/chunks/07vw_next_dist_13_qw0k._.js:2477
