[     128ms] [LOG] [Fast Refresh] rebuilding @ http://localhost:3000/_next/static/chunks/07vw_next_dist_13_qw0k._.js:2477
[     582ms] [LOG] [Fast Refresh] done in 565ms @ http://localhost:3000/_next/static/chunks/07vw_next_dist_13_qw0k._.js:2477
[     829ms] [INFO] %cDownload the React DevTools for a better development experience: https://react.dev/link/react-devtools font-weight:bold @ http://localhost:3000/_next/static/chunks/07vw_next_dist_13_qw0k._.js:2477
[     849ms] [LOG] [HMR] connected @ http://localhost:3000/_next/static/chunks/07vw_next_dist_13_qw0k._.js:2477
[   34741ms] [WARNING] Image with src "https://images.unsplash.com/photo-1677442135703-1787eea5ce01?w=800&h=500&fit=crop" has "fill" but is missing "sizes" prop. Please add it to improve page performance. Read more: https://nextjs.org/docs/api-reference/next/image#sizes @ http://localhost:3000/_next/static/chunks/07vw_next_dist_13_qw0k._.js:2477
[   34789ms] [WARNING] Image with src "https://images.unsplash.com/photo-1460925895917-afdab827c52f?w=600&h=400&fit=crop" has "fill" but is missing "sizes" prop. Please add it to improve page performance. Read more: https://nextjs.org/docs/api-reference/next/image#sizes @ http://localhost:3000/_next/static/chunks/07vw_next_dist_13_qw0k._.js:2477
[   34806ms] [WARNING] Image with src "https://images.unsplash.com/photo-1523275335684-37898b6baf30?w=600&h=400&fit=crop" has "fill" but is missing "sizes" prop. Please add it to improve page performance. Read more: https://nextjs.org/docs/api-reference/next/image#sizes @ http://localhost:3000/_next/static/chunks/07vw_next_dist_13_qw0k._.js:2477
[   34807ms] [WARNING] Image with src "https://images.unsplash.com/photo-1611162617474-5b21e879e113?w=600&h=400&fit=crop" has "fill" but is missing "sizes" prop. Please add it to improve page performance. Read more: https://nextjs.org/docs/api-reference/next/image#sizes @ http://localhost:3000/_next/static/chunks/07vw_next_dist_13_qw0k._.js:2477
[   34810ms] [WARNING] Image with src "https://images.unsplash.com/photo-1486312338219-ce68d2c6f44d?w=600&h=400&fit=crop" has "fill" but is missing "sizes" prop. Please add it to improve page performance. Read more: https://nextjs.org/docs/api-reference/next/image#sizes @ http://localhost:3000/_next/static/chunks/07vw_next_dist_13_qw0k._.js:2477
[   34813ms] [WARNING] Image with src "https://images.unsplash.com/photo-1592478411213-6153e4ebc07d?w=600&h=400&fit=crop" has "fill" but is missing "sizes" prop. Please add it to improve page performance. Read more: https://nextjs.org/docs/api-reference/next/image#sizes @ http://localhost:3000/_next/static/chunks/07vw_next_dist_13_qw0k._.js:2477
[   34815ms] [WARNING] Image with src "https://images.unsplash.com/photo-1432888498266-38ffec3eaf0a?w=600&h=400&fit=crop" has "fill" but is missing "sizes" prop. Please add it to improve page performance. Read more: https://nextjs.org/docs/api-reference/next/image#sizes @ http://localhost:3000/_next/static/chunks/07vw_next_dist_13_qw0k._.js:2477
[  147877ms] [LOG] [Fast Refresh] rebuilding @ http://localhost:3000/_next/static/chunks/07vw_next_dist_13_qw0k._.js:2477
[  148012ms] [LOG] [Fast Refresh] done in 250ms @ http://localhost:3000/_next/static/chunks/07vw_next_dist_13_qw0k._.js:2477
[ 2048261ms] [LOG] [Fast Refresh] rebuilding @ http://localhost:3000/_next/static/chunks/07vw_next_dist_13_qw0k._.js:2477
[ 2048611ms] [LOG] [Fast Refresh] done in 438ms @ http://localhost:3000/_next/static/chunks/07vw_next_dist_13_qw0k._.js:2477
[ 2048716ms] [LOG] [Fast Refresh] rebuilding @ http://localhost:3000/_next/static/chunks/07vw_next_dist_13_qw0k._.js:2477
[ 2048815ms] [LOG] [Fast Refresh] done in 202ms @ http://localhost:3000/_next/static/chunks/07vw_next_dist_13_qw0k._.js:2477
[ 2048922ms] [LOG] [Fast Refresh] rebuilding @ http://localhost:3000/_next/static/chunks/07vw_next_dist_13_qw0k._.js:2477
[ 2049141ms] [LOG] [Fast Refresh] done in 322ms @ http://localhost:3000/_next/static/chunks/07vw_next_dist_13_qw0k._.js:2477
[ 2049166ms] [ERROR] Failed to load resource: the server responded with a status of 500 (Internal Server Error) @ http://localhost:3000/:0
[ 2049549ms] [INFO] %cDownload the React DevTools for a better development experience: https://react.dev/link/react-devtools font-weight:bold @ http://localhost:3000/_next/static/chunks/07vw_next_dist_13_qw0k._.js:2477
[ 2049684ms] [LOG] [HMR] connected @ http://localhost:3000/_next/static/chunks/07vw_next_dist_13_qw0k._.js:2477
[ 2049778ms] ReferenceError: Zap is not defined
    at Navbar (http://localhost:3000/_next/static/chunks/_08alr_d._.js:202:361)
    at Object.react_stack_bottom_frame (http://localhost:3000/_next/static/chunks/07vw_next_dist_compiled_react-dom_0a2wv7t._.js:15037:24)
    at renderWithHooks (http://localhost:3000/_next/static/chunks/07vw_next_dist_compiled_react-dom_0a2wv7t._.js:4620:24)
    at updateFunctionComponent (http://localhost:3000/_next/static/chunks/07vw_next_dist_compiled_react-dom_0a2wv7t._.js:6081:21)
    at beginWork (http://localhost:3000/_next/static/chunks/07vw_next_dist_compiled_react-dom_0a2wv7t._.js:6665:639)
    at runWithFiberInDEV (http://localhost:3000/_next/static/chunks/07vw_next_dist_compiled_react-dom_0a2wv7t._.js:965:74)
    at performUnitOfWork (http://localhost:3000/_next/static/chunks/07vw_next_dist_compiled_react-dom_0a2wv7t._.js:9555:97)
    at workLoopSync (http://localhost:3000/_next/static/chunks/07vw_next_dist_compiled_react-dom_0a2wv7t._.js:9449:40)
    at renderRootSync (http://localhost:3000/_next/static/chunks/07vw_next_dist_compiled_react-dom_0a2wv7t._.js:9433:13)
    at performWorkOnRoot (http://localhost:3000/_next/static/chunks/07vw_next_dist_compiled_react-dom_0a2wv7t._.js:9098:47)
    at performWorkOnRootViaSchedulerTask (http://localhost:3000/_next/static/chunks/07vw_next_dist_compiled_react-dom_0a2wv7t._.js:10255:9)
    at MessagePort.performWorkUntilDeadline (http://localhost:3000/_next/static/chunks/07vw_next_dist_compiled_0w0chkj._.js:2647:64)
[ 2053032ms] [LOG] [Fast Refresh] rebuilding @ http://localhost:3000/_next/static/chunks/07vw_next_dist_13_qw0k._.js:2477
[ 2053550ms] [WARNING] [Fast Refresh] performing full reload because your application had an unrecoverable error @ http://localhost:3000/_next/static/chunks/07vw_next_dist_13_qw0k._.js:2477
[ 2053876ms] [WARNING] [Fast Refresh] performing full reload because your application had an unrecoverable error @ http://localhost:3000/_next/static/chunks/07vw_next_dist_13_qw0k._.js:2477
[ 2053885ms] [LOG] [Fast Refresh] done in 949ms @ http://localhost:3000/_next/static/chunks/07vw_next_dist_13_qw0k._.js:2477
[ 2054219ms] [LOG] [Fast Refresh] rebuilding @ http://localhost:3000/_next/static/chunks/07vw_next_dist_13_qw0k._.js:2477
[ 2054388ms] [LOG] [Fast Refresh] done in 275ms @ http://localhost:3000/_next/static/chunks/07vw_next_dist_13_qw0k._.js:2477
[ 2054447ms] [INFO] %cDownload the React DevTools for a better development experience: https://react.dev/link/react-devtools font-weight:bold @ http://localhost:3000/_next/static/chunks/07vw_next_dist_13_qw0k._.js:2477
[ 2054559ms] [LOG] [HMR] connected @ http://localhost:3000/_next/static/chunks/07vw_next_dist_13_qw0k._.js:2477
[ 2054740ms] [WARNING] Image with src "https://images.unsplash.com/photo-1677442135703-1787eea5ce01?w=800&h=500&fit=crop" has "fill" but is missing "sizes" prop. Please add it to improve page performance. Read more: https://nextjs.org/docs/api-reference/next/image#sizes @ http://localhost:3000/_next/static/chunks/07vw_next_dist_13_qw0k._.js:2477
[ 2054740ms] [WARNING] Image with src "https://images.unsplash.com/photo-1460925895917-afdab827c52f?w=600&h=400&fit=crop" has "fill" but is missing "sizes" prop. Please add it to improve page performance. Read more: https://nextjs.org/docs/api-reference/next/image#sizes @ http://localhost:3000/_next/static/chunks/07vw_next_dist_13_qw0k._.js:2477
[ 2054740ms] [WARNING] Image with src "https://images.unsplash.com/photo-1523275335684-37898b6baf30?w=600&h=400&fit=crop" has "fill" but is missing "sizes" prop. Please add it to improve page performance. Read more: https://nextjs.org/docs/api-reference/next/image#sizes @ http://localhost:3000/_next/static/chunks/07vw_next_dist_13_qw0k._.js:2477
[ 2054740ms] [WARNING] Image with src "https://images.unsplash.com/photo-1611162617474-5b21e879e113?w=600&h=400&fit=crop" has "fill" but is missing "sizes" prop. Please add it to improve page performance. Read more: https://nextjs.org/docs/api-reference/next/image#sizes @ http://localhost:3000/_next/static/chunks/07vw_next_dist_13_qw0k._.js:2477
[ 2054740ms] [WARNING] Image with src "https://images.unsplash.com/photo-1486312338219-ce68d2c6f44d?w=600&h=400&fit=crop" has "fill" but is missing "sizes" prop. Please add it to improve page performance. Read more: https://nextjs.org/docs/api-reference/next/image#sizes @ http://localhost:3000/_next/static/chunks/07vw_next_dist_13_qw0k._.js:2477
[ 2054740ms] [WARNING] Image with src "https://images.unsplash.com/photo-1592478411213-6153e4ebc07d?w=600&h=400&fit=crop" has "fill" but is missing "sizes" prop. Please add it to improve page performance. Read more: https://nextjs.org/docs/api-reference/next/image#sizes @ http://localhost:3000/_next/static/chunks/07vw_next_dist_13_qw0k._.js:2477
[ 2054741ms] [WARNING] Image with src "https://images.unsplash.com/photo-1432888498266-38ffec3eaf0a?w=600&h=400&fit=crop" has "fill" but is missing "sizes" prop. Please add it to improve page performance. Read more: https://nextjs.org/docs/api-reference/next/image#sizes @ http://localhost:3000/_next/static/chunks/07vw_next_dist_13_qw0k._.js:2477
[ 2057391ms] [LOG] [Fast Refresh] rebuilding @ http://localhost:3000/_next/static/chunks/07vw_next_dist_13_qw0k._.js:2477
[ 2058257ms] [LOG] [Fast Refresh] done in 895ms @ http://localhost:3000/_next/static/chunks/07vw_next_dist_13_qw0k._.js:2477
[ 2058373ms] [LOG] [Fast Refresh] rebuilding @ http://localhost:3000/_next/static/chunks/07vw_next_dist_13_qw0k._.js:2477
[ 2058445ms] [LOG] [Fast Refresh] done in 177ms @ http://localhost:3000/_next/static/chunks/07vw_next_dist_13_qw0k._.js:2477
[ 2058556ms] [LOG] [Fast Refresh] rebuilding @ http://localhost:3000/_next/static/chunks/07vw_next_dist_13_qw0k._.js:2477
[ 2058645ms] [LOG] [Fast Refresh] done in 193ms @ http://localhost:3000/_next/static/chunks/07vw_next_dist_13_qw0k._.js:2477
[ 2058900ms] [LOG] [Fast Refresh] rebuilding @ http://localhost:3000/_next/static/chunks/07vw_next_dist_13_qw0k._.js:2477
[ 2058948ms] [LOG] [Fast Refresh] done in 152ms @ http://localhost:3000/_next/static/chunks/07vw_next_dist_13_qw0k._.js:2477
[ 2059292ms] [LOG] [Fast Refresh] rebuilding @ http://localhost:3000/_next/static/chunks/07vw_next_dist_13_qw0k._.js:2477
[ 2059351ms] [LOG] [Fast Refresh] done in 159ms @ http://localhost:3000/_next/static/chunks/07vw_next_dist_13_qw0k._.js:2477
[ 2059546ms] [LOG] [Fast Refresh] rebuilding @ http://localhost:3000/_next/static/chunks/07vw_next_dist_13_qw0k._.js:2477
[ 2059559ms] [LOG] [Fast Refresh] done in 120ms @ http://localhost:3000/_next/static/chunks/07vw_next_dist_13_qw0k._.js:2477
[ 2059664ms] [LOG] [Fast Refresh] rebuilding @ http://localhost:3000/_next/static/chunks/07vw_next_dist_13_qw0k._.js:2477
[ 2059779ms] [LOG] [Fast Refresh] done in 216ms @ http://localhost:3000/_next/static/chunks/07vw_next_dist_13_qw0k._.js:2477
[ 2059803ms] ReferenceError: Zap is not defined
    at Footer (about://React/Server/C:%5CUsers%5CLiviu%5CDesktop%5Ctrenduridigitale%5C.next%5Cdev%5Cserver%5Cchunks%5Cssr%5C%5Broot-of-the-server%5D__13ga-e4._.js?175:194:418)
    at resolveErrorDev (http://localhost:3000/_next/static/chunks/07vw_next_dist_compiled_react-server-dom-turbopack_0upz.6p._.js:1919:105)
    at processFullStringRow (http://localhost:3000/_next/static/chunks/07vw_next_dist_compiled_react-server-dom-turbopack_0upz.6p._.js:2434:29)
    at processFullBinaryRow (http://localhost:3000/_next/static/chunks/07vw_next_dist_compiled_react-server-dom-turbopack_0upz.6p._.js:2393:9)
    at processBinaryChunk (http://localhost:3000/_next/static/chunks/07vw_next_dist_compiled_react-server-dom-turbopack_0upz.6p._.js:2502:221)
    at progress (http://localhost:3000/_next/static/chunks/07vw_next_dist_compiled_react-server-dom-turbopack_0upz.6p._.js:2689:13)
[ 2065373ms] [LOG] [Fast Refresh] rebuilding @ http://localhost:3000/_next/static/chunks/07vw_next_dist_13_qw0k._.js:2477
[ 2066578ms] [LOG] [Fast Refresh] done in 849ms @ http://localhost:3000/_next/static/chunks/07vw_next_dist_13_qw0k._.js:2477
[ 2066688ms] [INFO] %cDownload the React DevTools for a better development experience: https://react.dev/link/react-devtools font-weight:bold @ http://localhost:3000/_next/static/chunks/07vw_next_dist_13_qw0k._.js:2477
[ 2066713ms] [LOG] [HMR] connected @ http://localhost:3000/_next/static/chunks/07vw_next_dist_13_qw0k._.js:2477
[ 2066847ms] [WARNING] Image with src "https://images.unsplash.com/photo-1677442135703-1787eea5ce01?w=800&h=500&fit=crop" has "fill" but is missing "sizes" prop. Please add it to improve page performance. Read more: https://nextjs.org/docs/api-reference/next/image#sizes @ http://localhost:3000/_next/static/chunks/07vw_next_dist_13_qw0k._.js:2477
[ 2066848ms] [WARNING] Image with src "https://images.unsplash.com/photo-1460925895917-afdab827c52f?w=600&h=400&fit=crop" has "fill" but is missing "sizes" prop. Please add it to improve page performance. Read more: https://nextjs.org/docs/api-reference/next/image#sizes @ http://localhost:3000/_next/static/chunks/07vw_next_dist_13_qw0k._.js:2477
[ 2066848ms] [WARNING] Image with src "https://images.unsplash.com/photo-1523275335684-37898b6baf30?w=600&h=400&fit=crop" has "fill" but is missing "sizes" prop. Please add it to improve page performance. Read more: https://nextjs.org/docs/api-reference/next/image#sizes @ http://localhost:3000/_next/static/chunks/07vw_next_dist_13_qw0k._.js:2477
[ 2066848ms] [WARNING] Image with src "https://images.unsplash.com/photo-1611162617474-5b21e879e113?w=600&h=400&fit=crop" has "fill" but is missing "sizes" prop. Please add it to improve page performance. Read more: https://nextjs.org/docs/api-reference/next/image#sizes @ http://localhost:3000/_next/static/chunks/07vw_next_dist_13_qw0k._.js:2477
[ 2066848ms] [WARNING] Image with src "https://images.unsplash.com/photo-1486312338219-ce68d2c6f44d?w=600&h=400&fit=crop" has "fill" but is missing "sizes" prop. Please add it to improve page performance. Read more: https://nextjs.org/docs/api-reference/next/image#sizes @ http://localhost:3000/_next/static/chunks/07vw_next_dist_13_qw0k._.js:2477
[ 2066848ms] [WARNING] Image with src "https://images.unsplash.com/photo-1592478411213-6153e4ebc07d?w=600&h=400&fit=crop" has "fill" but is missing "sizes" prop. Please add it to improve page performance. Read more: https://nextjs.org/docs/api-reference/next/image#sizes @ http://localhost:3000/_next/static/chunks/07vw_next_dist_13_qw0k._.js:2477
[ 2066848ms] [WARNING] Image with src "https://images.unsplash.com/photo-1432888498266-38ffec3eaf0a?w=600&h=400&fit=crop" has "fill" but is missing "sizes" prop. Please add it to improve page performance. Read more: https://nextjs.org/docs/api-reference/next/image#sizes @ http://localhost:3000/_next/static/chunks/07vw_next_dist_13_qw0k._.js:2477
[ 2067576ms] [WARNING] Image with src "/logo-text.png" has either width or height modified, but not the other. If you use CSS to change the size of your image, also include the styles 'width: "auto"' or 'height: "auto"' to maintain the aspect ratio. @ http://localhost:3000/_next/static/chunks/07vw_next_dist_13_qw0k._.js:2477
[ 2073017ms] [LOG] [Fast Refresh] rebuilding @ http://localhost:3000/_next/static/chunks/07vw_next_dist_13_qw0k._.js:2477
[ 2073075ms] [LOG] [Fast Refresh] done in 115ms @ http://localhost:3000/_next/static/chunks/07vw_next_dist_13_qw0k._.js:2477
[ 2073191ms] [LOG] [Fast Refresh] rebuilding @ http://localhost:3000/_next/static/chunks/07vw_next_dist_13_qw0k._.js:2477
[ 2073312ms] [LOG] [Fast Refresh] done in 235ms @ http://localhost:3000/_next/static/chunks/07vw_next_dist_13_qw0k._.js:2477
[ 2073532ms] [LOG] [Fast Refresh] rebuilding @ http://localhost:3000/_next/static/chunks/07vw_next_dist_13_qw0k._.js:2477
[ 2073731ms] [LOG] [Fast Refresh] done in 308ms @ http://localhost:3000/_next/static/chunks/07vw_next_dist_13_qw0k._.js:2477
